PS C:\javaTraning> git init
Reinitialized existing Git repository in C:/javaTraning/.git/
PS C:\javaTraning> git add .
PS C:\javaTraning> git commit -m "msg"
[master (root-commit) d7565c0] msg
 4 files changed, 135 insertions(+)
 create mode 100644 Questions.java
 create mode 100644 conversion.java
 create mode 100644 hello.java
 create mode 100644 questionTwo.java
PS C:\javaTraning> git config
error: no action specified
PS C:\javaTraning> git push
fatal: No configured push destination.
Either specify the URL from the command-line or configure a remote repository using

    git remote add <name> <url>

and then push using the remote name

    git push <name>

PS C:\javaTraning> git remote add origin https://github.com/mohdnabee/JavaPrograms-.git
PS C:\javaTraning> git push
fatal: The current branch master has no upstream branch.
To push the current branch and set the remote as upstream, use

    git push --set-upstream origin master

To have this happen automatically for branches without a tracking
upstream, see 'push.autoSetupRemote' in 'git help config'.

PS C:\javaTraning> git push --set-upstream origin master
info: please complete authentication in your browser...
Enumerating objects: 6, done.
Counting objects: 100% (6/6), done.
Delta compression using up to 8 threads
Compressing objects: 100% (6/6), done.
Writing objects: 100% (6/6), 1.54 KiB | 1.54 MiB/s, done.
Total 6 (delta 0), reused 0 (delta 0), pack-reused 0 (from 0)
To https://github.com/mohdnabee/JavaPrograms-.git
 * [new branch]      master -> master
branch 'master' set up to track 'origin/master'.
PS C:\javaTraning>